Archive member included to satisfy reference by file (symbol)

c:/program files (x86)/atmel/studio/7.0/toolchain/avr8/avr8-gnu-toolchain/bin/../lib/gcc/avr/5.4.0/avr5\libgcc.a(_divmodhi4.o)
                              game.o (__divmodhi4)
c:/program files (x86)/atmel/studio/7.0/toolchain/avr8/avr8-gnu-toolchain/bin/../lib/gcc/avr/5.4.0/avr5\libgcc.a(_udivmodsi4.o)
                              src/serial/serial.o (__udivmodsi4)
c:/program files (x86)/atmel/studio/7.0/toolchain/avr8/avr8-gnu-toolchain/bin/../lib/gcc/avr/5.4.0/avr5\libgcc.a(_exit.o)
                              C:/Program Files (x86)/Atmel/Studio/7.0/Packs/atmel/ATmega_DFP/1.2.150/gcc/dev/atmega324pa/avr5/crtatmega324pa.o (exit)
c:/program files (x86)/atmel/studio/7.0/toolchain/avr8/avr8-gnu-toolchain/bin/../lib/gcc/avr/5.4.0/avr5\libgcc.a(_copy_data.o)
                              game.o (__do_copy_data)
c:/program files (x86)/atmel/studio/7.0/toolchain/avr8/avr8-gnu-toolchain/bin/../lib/gcc/avr/5.4.0/avr5\libgcc.a(_clear_bss.o)
                              game.o (__do_clear_bss)
c:/program files (x86)/atmel/studio/7.0/toolchain/avr8/avr8-gnu-toolchain/bin/../lib/gcc/avr/5.4.0/avr5\libgcc.a(_udivmodhi4.o)
                              c:/program files (x86)/atmel/studio/7.0/toolchain/avr8/avr8-gnu-toolchain/bin/../lib/gcc/avr/5.4.0/avr5\libgcc.a(_divmodhi4.o) (__udivmodhi4)
c:/program files (x86)/atmel/studio/7.0/toolchain/avr8/avr8-gnu-toolchain/bin/../lib/gcc/avr/5.4.0/../../../../avr/lib/avr5\libc.a(memcpy.o)
                              src/FreeRTOS/Source/queue.o (memcpy)
c:/program files (x86)/atmel/studio/7.0/toolchain/avr8/avr8-gnu-toolchain/bin/../lib/gcc/avr/5.4.0/../../../../avr/lib/avr5\libc.a(memset.o)
                              src/FreeRTOS/Source/tasks.o (memset)
c:/program files (x86)/atmel/studio/7.0/toolchain/avr8/avr8-gnu-toolchain/bin/../lib/gcc/avr/5.4.0/../../../../avr/lib/avr5\libc.a(strlen.o)
                              game.o (strlen)

Allocating common symbols
Common symbol       size              file

rng_seed            0x1               main.o

Discarded input sections

 .data          0x00000000        0x0 C:/Program Files (x86)/Atmel/Studio/7.0/Packs/atmel/ATmega_DFP/1.2.150/gcc/dev/atmega324pa/avr5/crtatmega324pa.o
 .bss           0x00000000        0x0 C:/Program Files (x86)/Atmel/Studio/7.0/Packs/atmel/ATmega_DFP/1.2.150/gcc/dev/atmega324pa/avr5/crtatmega324pa.o
 .text          0x00000000        0x0 byteStuffing.o
 .data          0x00000000        0x0 byteStuffing.o
 .bss           0x00000000        0x0 byteStuffing.o
 .text          0x00000000        0x0 game.o
 .data          0x00000000        0x0 game.o
 .bss           0x00000000        0x0 game.o
 .text          0x00000000        0x0 joystick.o
 .data          0x00000000        0x0 joystick.o
 .bss           0x00000000        0x0 joystick.o
 .text          0x00000000        0x0 main.o
 .data          0x00000000        0x0 main.o
 .bss           0x00000000        0x0 main.o
 .text          0x00000000        0x0 protocol.o
 .data          0x00000000        0x0 protocol.o
 .bss           0x00000000        0x0 protocol.o
 .text          0x00000000        0x0 serialcom.o
 .data          0x00000000        0x0 serialcom.o
 .bss           0x00000000        0x0 serialcom.o
 .rodata._COM_RX_QUEUE_LENGTH
                0x00000000        0x1 serialcom.o
 .text          0x00000000        0x0 src/board/board.o
 .data          0x00000000        0x0 src/board/board.o
 .bss           0x00000000        0x0 src/board/board.o
 .text.com_send_bytes
                0x00000000       0x32 src/board/board.o
 .text          0x00000000        0x0 src/buffer/buffer.o
 .data          0x00000000        0x0 src/buffer/buffer.o
 .bss           0x00000000        0x0 src/buffer/buffer.o
 .text.buffer_is_empty
                0x00000000       0x28 src/buffer/buffer.o
 .text.buffer_no_of_items
                0x00000000       0x20 src/buffer/buffer.o
 .text.buffer_clear
                0x00000000       0x32 src/buffer/buffer.o
 .text          0x00000000        0x0 src/FreeRTOS/Source/croutine.o
 .data          0x00000000        0x0 src/FreeRTOS/Source/croutine.o
 .bss           0x00000000        0x0 src/FreeRTOS/Source/croutine.o
 .bss.pxReadyCoRoutineLists
                0x00000000       0x12 src/FreeRTOS/Source/croutine.o
 .bss.xDelayedCoRoutineList1
                0x00000000        0x9 src/FreeRTOS/Source/croutine.o
 .bss.xDelayedCoRoutineList2
                0x00000000        0x9 src/FreeRTOS/Source/croutine.o
 .bss.pxDelayedCoRoutineList
                0x00000000        0x2 src/FreeRTOS/Source/croutine.o
 .bss.pxOverflowDelayedCoRoutineList
                0x00000000        0x2 src/FreeRTOS/Source/croutine.o
 .bss.xPendingReadyCoRoutineList
                0x00000000        0x9 src/FreeRTOS/Source/croutine.o
 .bss.pxCurrentCoRoutine
                0x00000000        0x2 src/FreeRTOS/Source/croutine.o
 .bss.uxTopCoRoutineReadyPriority
                0x00000000        0x1 src/FreeRTOS/Source/croutine.o
 .bss.xCoRoutineTickCount
                0x00000000        0x2 src/FreeRTOS/Source/croutine.o
 .bss.xLastTickCount
                0x00000000        0x2 src/FreeRTOS/Source/croutine.o
 .bss.xPassedTicks
                0x00000000        0x2 src/FreeRTOS/Source/croutine.o
 .text.xCoRoutineCreate
                0x00000000      0x138 src/FreeRTOS/Source/croutine.o
 .text.vCoRoutineAddToDelayedList
                0x00000000       0xca src/FreeRTOS/Source/croutine.o
 .text.prvCheckPendingReadyList
                0x00000000       0x9a src/FreeRTOS/Source/croutine.o
 .text.prvCheckDelayedList
                0x00000000      0x16e src/FreeRTOS/Source/croutine.o
 .text.vCoRoutineSchedule
                0x00000000      0x10a src/FreeRTOS/Source/croutine.o
 .text.prvInitialiseCoRoutineLists
                0x00000000       0x74 src/FreeRTOS/Source/croutine.o
 .text.xCoRoutineRemoveFromEventList
                0x00000000       0x72 src/FreeRTOS/Source/croutine.o
 .debug_info    0x00000000      0x4d8 src/FreeRTOS/Source/croutine.o
 .debug_abbrev  0x00000000      0x182 src/FreeRTOS/Source/croutine.o
 .debug_loc     0x00000000      0x1f7 src/FreeRTOS/Source/croutine.o
 .debug_aranges
                0x00000000       0x50 src/FreeRTOS/Source/croutine.o
 .debug_ranges  0x00000000       0x40 src/FreeRTOS/Source/croutine.o
 .debug_line    0x00000000      0x41a src/FreeRTOS/Source/croutine.o
 .debug_str     0x00000000      0x501 src/FreeRTOS/Source/croutine.o
 .comment       0x00000000       0x31 src/FreeRTOS/Source/croutine.o
 .debug_frame   0x00000000       0xf4 src/FreeRTOS/Source/croutine.o
 .text          0x00000000        0x0 src/FreeRTOS/Source/event_groups.o
 .data          0x00000000        0x0 src/FreeRTOS/Source/event_groups.o
 .bss           0x00000000        0x0 src/FreeRTOS/Source/event_groups.o
 .text.xEventGroupCreate
                0x00000000       0x40 src/FreeRTOS/Source/event_groups.o
 .text.xEventGroupSync
                0x00000000      0x176 src/FreeRTOS/Source/event_groups.o
 .text.xEventGroupWaitBits
                0x00000000      0x18c src/FreeRTOS/Source/event_groups.o
 .text.xEventGroupClearBits
                0x00000000       0x72 src/FreeRTOS/Source/event_groups.o
 .text.xEventGroupGetBitsFromISR
                0x00000000       0x46 src/FreeRTOS/Source/event_groups.o
 .text.xEventGroupSetBits
                0x00000000      0x17a src/FreeRTOS/Source/event_groups.o
 .text.vEventGroupDelete
                0x00000000       0x68 src/FreeRTOS/Source/event_groups.o
 .text.vEventGroupSetBitsCallback
                0x00000000       0x3c src/FreeRTOS/Source/event_groups.o
 .text.vEventGroupClearBitsCallback
                0x00000000       0x3c src/FreeRTOS/Source/event_groups.o
 .text.prvTestWaitCondition
                0x00000000       0x64 src/FreeRTOS/Source/event_groups.o
 .text.uxEventGroupGetNumber
                0x00000000       0x42 src/FreeRTOS/Source/event_groups.o
 .debug_info    0x00000000      0x6a6 src/FreeRTOS/Source/event_groups.o
 .debug_abbrev  0x00000000      0x155 src/FreeRTOS/Source/event_groups.o
 .debug_loc     0x00000000      0x32d src/FreeRTOS/Source/event_groups.o
 .debug_aranges
                0x00000000       0x70 src/FreeRTOS/Source/event_groups.o
 .debug_ranges  0x00000000       0x60 src/FreeRTOS/Source/event_groups.o
 .debug_line    0x00000000      0x50e src/FreeRTOS/Source/event_groups.o
 .debug_str     0x00000000      0x541 src/FreeRTOS/Source/event_groups.o
 .comment       0x00000000       0x31 src/FreeRTOS/Source/event_groups.o
 .debug_frame   0x00000000      0x180 src/FreeRTOS/Source/event_groups.o
 .text          0x00000000        0x0 src/FreeRTOS/Source/list.o
 .data          0x00000000        0x0 src/FreeRTOS/Source/list.o
 .bss           0x00000000        0x0 src/FreeRTOS/Source/list.o
 .text          0x00000000        0x0 src/FreeRTOS/Source/portable/GCC/ATMega324/port.o
 .data          0x00000000        0x0 src/FreeRTOS/Source/portable/GCC/ATMega324/port.o
 .bss           0x00000000        0x0 src/FreeRTOS/Source/portable/GCC/ATMega324/port.o
 .text.vPortEndScheduler
                0x00000000       0x10 src/FreeRTOS/Source/portable/GCC/ATMega324/port.o
 .text          0x00000000        0x0 src/serial/serial.o
 .data          0x00000000        0x0 src/serial/serial.o
 .bss           0x00000000        0x0 src/serial/serial.o
 .text.serial_send_bytes
                0x00000000       0xbe src/serial/serial.o
 .text          0x00000000        0x0 src/FreeRTOS/Source/portable/MemMang/heap_2.o
 .data          0x00000000        0x0 src/FreeRTOS/Source/portable/MemMang/heap_2.o
 .bss           0x00000000        0x0 src/FreeRTOS/Source/portable/MemMang/heap_2.o
 .rodata.heapSTRUCT_SIZE
                0x00000000        0x2 src/FreeRTOS/Source/portable/MemMang/heap_2.o
 .text.xPortGetFreeHeapSize
                0x00000000       0x16 src/FreeRTOS/Source/portable/MemMang/heap_2.o
 .text.vPortInitialiseBlocks
                0x00000000       0x10 src/FreeRTOS/Source/portable/MemMang/heap_2.o
 .text          0x00000000        0x0 src/FreeRTOS/Source/queue.o
 .data          0x00000000        0x0 src/FreeRTOS/Source/queue.o
 .bss           0x00000000        0x0 src/FreeRTOS/Source/queue.o
 .text.xQueueGiveFromISR
                0x00000000       0xb4 src/FreeRTOS/Source/queue.o
 .text.xQueueReceiveFromISR
                0x00000000       0xbe src/FreeRTOS/Source/queue.o
 .text.xQueuePeekFromISR
                0x00000000       0x78 src/FreeRTOS/Source/queue.o
 .text.uxQueueMessagesWaiting
                0x00000000       0x32 src/FreeRTOS/Source/queue.o
 .text.uxQueueMessagesWaitingFromISR
                0x00000000       0x28 src/FreeRTOS/Source/queue.o
 .text.vQueueDelete
                0x00000000       0x30 src/FreeRTOS/Source/queue.o
 .text.uxQueueGetQueueNumber
                0x00000000       0x20 src/FreeRTOS/Source/queue.o
 .text.vQueueSetQueueNumber
                0x00000000       0x2a src/FreeRTOS/Source/queue.o
 .text.ucQueueGetQueueType
                0x00000000       0x20 src/FreeRTOS/Source/queue.o
 .text.xQueueIsQueueEmptyFromISR
                0x00000000       0x32 src/FreeRTOS/Source/queue.o
 .text.xQueueIsQueueFullFromISR
                0x00000000       0x3a src/FreeRTOS/Source/queue.o
 .text.xQueueCRSend
                0x00000000       0xc2 src/FreeRTOS/Source/queue.o
 .text.xQueueCRReceive
                0x00000000      0x132 src/FreeRTOS/Source/queue.o
 .text.xQueueCRSendFromISR
                0x00000000       0x82 src/FreeRTOS/Source/queue.o
 .text.xQueueCRReceiveFromISR
                0x00000000      0x108 src/FreeRTOS/Source/queue.o
 .text          0x00000000        0x0 src/FreeRTOS/Source/tasks.o
 .data          0x00000000        0x0 src/FreeRTOS/Source/tasks.o
 .bss           0x00000000        0x0 src/FreeRTOS/Source/tasks.o
 .text.vTaskDelete
                0x00000000       0xd2 src/FreeRTOS/Source/tasks.o
 .text.eTaskGetState
                0x00000000       0xa8 src/FreeRTOS/Source/tasks.o
 .text.vTaskEndScheduler
                0x00000000       0x1a src/FreeRTOS/Source/tasks.o
 .text.xTaskGetTickCountFromISR
                0x00000000       0x2a src/FreeRTOS/Source/tasks.o
 .text.uxTaskGetNumberOfTasks
                0x00000000       0x12 src/FreeRTOS/Source/tasks.o
 .text.pcTaskGetName
                0x00000000       0x3e src/FreeRTOS/Source/tasks.o
 .text.uxTaskGetSystemState
                0x00000000      0x140 src/FreeRTOS/Source/tasks.o
 .text.xTaskGetApplicationTaskTag
                0x00000000       0x5e src/FreeRTOS/Source/tasks.o
 .text.xTaskCallApplicationTaskHook
                0x00000000       0x74 src/FreeRTOS/Source/tasks.o
 .text.vTaskPlaceOnUnorderedEventList
                0x00000000       0x64 src/FreeRTOS/Source/tasks.o
 .text.xTaskRemoveFromUnorderedEventList
                0x00000000       0xd6 src/FreeRTOS/Source/tasks.o
 .text.uxTaskGetTaskNumber
                0x00000000       0x42 src/FreeRTOS/Source/tasks.o
 .text.vTaskSetTaskNumber
                0x00000000       0x40 src/FreeRTOS/Source/tasks.o
 .text.vTaskGetInfo
                0x00000000      0x112 src/FreeRTOS/Source/tasks.o
 .text.prvListTasksWithinSingleList
                0x00000000      0x14c src/FreeRTOS/Source/tasks.o
 .text.xTaskGetCurrentTaskHandle
                0x00000000       0x24 src/FreeRTOS/Source/tasks.o
 .text.uxTaskResetEventItemValue
                0x00000000       0x54 src/FreeRTOS/Source/tasks.o
 .text.ulTaskNotifyTake
                0x00000000       0xfa src/FreeRTOS/Source/tasks.o
 .text.xTaskNotifyWait
                0x00000000      0x14c src/FreeRTOS/Source/tasks.o
 .text.xTaskGenericNotify
                0x00000000      0x1c2 src/FreeRTOS/Source/tasks.o
 .text.xTaskGenericNotifyFromISR
                0x00000000      0x1f8 src/FreeRTOS/Source/tasks.o
 .text.vTaskNotifyGiveFromISR
                0x00000000      0x11c src/FreeRTOS/Source/tasks.o
 .text.xTaskNotifyStateClear
                0x00000000       0x64 src/FreeRTOS/Source/tasks.o
 .text          0x00000000        0x0 src/FreeRTOS/Source/timers.o
 .data          0x00000000        0x0 src/FreeRTOS/Source/timers.o
 .bss           0x00000000        0x0 src/FreeRTOS/Source/timers.o
 .debug_info    0x00000000       0x64 src/FreeRTOS/Source/timers.o
 .debug_abbrev  0x00000000       0x26 src/FreeRTOS/Source/timers.o
 .debug_aranges
                0x00000000       0x18 src/FreeRTOS/Source/timers.o
 .debug_line    0x00000000       0x1a src/FreeRTOS/Source/timers.o
 .debug_str     0x00000000      0x1a0 src/FreeRTOS/Source/timers.o
 .comment       0x00000000       0x31 src/FreeRTOS/Source/timers.o
 .text          0x00000000        0x0 c:/program files (x86)/atmel/studio/7.0/toolchain/avr8/avr8-gnu-toolchain/bin/../lib/gcc/avr/5.4.0/avr5\libgcc.a(_divmodhi4.o)
 .data          0x00000000        0x0 c:/program files (x86)/atmel/studio/7.0/toolchain/avr8/avr8-gnu-toolchain/bin/../lib/gcc/avr/5.4.0/avr5\libgcc.a(_divmodhi4.o)
 .bss           0x00000000        0x0 c:/program files (x86)/atmel/studio/7.0/toolchain/avr8/avr8-gnu-toolchain/bin/../lib/gcc/avr/5.4.0/avr5\libgcc.a(_divmodhi4.o)
 .text.libgcc.mul
                0x00000000        0x0 c:/program files (x86)/atmel/studio/7.0/toolchain/avr8/avr8-gnu-toolchain/bin/../lib/gcc/avr/5.4.0/avr5\libgcc.a(_divmodhi4.o)
 .text.libgcc   0x00000000        0x0 c:/program files (x86)/atmel/studio/7.0/toolchain/avr8/avr8-gnu-toolchain/bin/../lib/gcc/avr/5.4.0/avr5\libgcc.a(_divmodhi4.o)
 .text.libgcc.prologue
                0x00000000        0x0 c:/program files (x86)/atmel/studio/7.0/toolchain/avr8/avr8-gnu-toolchain/bin/../lib/gcc/avr/5.4.0/avr5\libgcc.a(_divmodhi4.o)
 .text.libgcc.builtins
                0x00000000        0x0 c:/program files (x86)/atmel/studio/7.0/toolchain/avr8/avr8-gnu-toolchain/bin/../lib/gcc/avr/5.4.0/avr5\libgcc.a(_divmodhi4.o)
 .text.libgcc.fmul
                0x00000000        0x0 c:/program files (x86)/atmel/studio/7.0/toolchain/avr8/avr8-gnu-toolchain/bin/../lib/gcc/avr/5.4.0/avr5\libgcc.a(_divmodhi4.o)
 .text.libgcc.fixed
                0x00000000        0x0 c:/program files (x86)/atmel/studio/7.0/toolchain/avr8/avr8-gnu-toolchain/bin/../lib/gcc/avr/5.4.0/avr5\libgcc.a(_divmodhi4.o)
 .text          0x00000000        0x0 c:/program files (x86)/atmel/studio/7.0/toolchain/avr8/avr8-gnu-toolchain/bin/../lib/gcc/avr/5.4.0/avr5\libgcc.a(_udivmodsi4.o)
 .data          0x00000000        0x0 c:/program files (x86)/atmel/studio/7.0/toolchain/avr8/avr8-gnu-toolchain/bin/../lib/gcc/avr/5.4.0/avr5\libgcc.a(_udivmodsi4.o)
 .bss           0x00000000        0x0 c:/program files (x86)/atmel/studio/7.0/toolchain/avr8/avr8-gnu-toolchain/bin/../lib/gcc/avr/5.4.0/avr5\libgcc.a(_udivmodsi4.o)
 .text.libgcc.mul
                0x00000000        0x0 c:/program files (x86)/atmel/studio/7.0/toolchain/avr8/avr8-gnu-toolchain/bin/../lib/gcc/avr/5.4.0/avr5\libgcc.a(_udivmodsi4.o)
 .text.libgcc   0x00000000        0x0 c:/program files (x86)/atmel/studio/7.0/toolchain/avr8/avr8-gnu-toolchain/bin/../lib/gcc/avr/5.4.0/avr5\libgcc.a(_udivmodsi4.o)
 .text.libgcc.prologue
                0x00000000        0x0 c:/program files (x86)/atmel/studio/7.0/toolchain/avr8/avr8-gnu-toolchain/bin/../lib/gcc/avr/5.4.0/avr5\libgcc.a(_udivmodsi4.o)
 .text.libgcc.builtins
                0x00000000        0x0 c:/program files (x86)/atmel/studio/7.0/toolchain/avr8/avr8-gnu-toolchain/bin/../lib/gcc/avr/5.4.0/avr5\libgcc.a(_udivmodsi4.o)
 .text.libgcc.fmul
                0x00000000        0x0 c:/program files (x86)/atmel/studio/7.0/toolchain/avr8/avr8-gnu-toolchain/bin/../lib/gcc/avr/5.4.0/avr5\libgcc.a(_udivmodsi4.o)
 .text.libgcc.fixed
                0x00000000        0x0 c:/program files (x86)/atmel/studio/7.0/toolchain/avr8/avr8-gnu-toolchain/bin/../lib/gcc/avr/5.4.0/avr5\libgcc.a(_udivmodsi4.o)
 .text          0x00000000        0x0 c:/program files (x86)/atmel/studio/7.0/toolchain/avr8/avr8-gnu-toolchain/bin/../lib/gcc/avr/5.4.0/avr5\libgcc.a(_exit.o)
 .data          0x00000000        0x0 c:/program files (x86)/atmel/studio/7.0/toolchain/avr8/avr8-gnu-toolchain/bin/../lib/gcc/avr/5.4.0/avr5\libgcc.a(_exit.o)
 .bss           0x00000000        0x0 c:/program files (x86)/atmel/studio/7.0/toolchain/avr8/avr8-gnu-toolchain/bin/../lib/gcc/avr/5.4.0/avr5\libgcc.a(_exit.o)
 .text.libgcc.mul
                0x00000000        0x0 c:/program files (x86)/atmel/studio/7.0/toolchain/avr8/avr8-gnu-toolchain/bin/../lib/gcc/avr/5.4.0/avr5\libgcc.a(_exit.o)
 .text.libgcc.div
                0x00000000        0x0 c:/program files (x86)/atmel/studio/7.0/toolchain/avr8/avr8-gnu-toolchain/bin/../lib/gcc/avr/5.4.0/avr5\libgcc.a(_exit.o)
 .text.libgcc   0x00000000        0x0 c:/program files (x86)/atmel/studio/7.0/toolchain/avr8/avr8-gnu-toolchain/bin/../lib/gcc/avr/5.4.0/avr5\libgcc.a(_exit.o)
 .text.libgcc.prologue
                0x00000000        0x0 c:/program files (x86)/atmel/studio/7.0/toolchain/avr8/avr8-gnu-toolchain/bin/../lib/gcc/avr/5.4.0/avr5\libgcc.a(_exit.o)
 .text.libgcc.builtins
                0x00000000        0x0 c:/program files (x86)/atmel/studio/7.0/toolchain/avr8/avr8-gnu-toolchain/bin/../lib/gcc/avr/5.4.0/avr5\libgcc.a(_exit.o)
 .text.libgcc.fmul
                0x00000000        0x0 c:/program files (x86)/atmel/studio/7.0/toolchain/avr8/avr8-gnu-toolchain/bin/../lib/gcc/avr/5.4.0/avr5\libgcc.a(_exit.o)
 .text.libgcc.fixed
                0x00000000        0x0 c:/program files (x86)/atmel/studio/7.0/toolchain/avr8/avr8-gnu-toolchain/bin/../lib/gcc/avr/5.4.0/avr5\libgcc.a(_exit.o)
 .text          0x00000000        0x0 c:/program files (x86)/atmel/studio/7.0/toolchain/avr8/avr8-gnu-toolchain/bin/../lib/gcc/avr/5.4.0/avr5\libgcc.a(_copy_data.o)
 .data          0x00000000        0x0 c:/program files (x86)/atmel/studio/7.0/toolchain/avr8/avr8-gnu-toolchain/bin/../lib/gcc/avr/5.4.0/avr5\libgcc.a(_copy_data.o)
 .bss           0x00000000        0x0 c:/program files (x86)/atmel/studio/7.0/toolchain/avr8/avr8-gnu-toolchain/bin/../lib/gcc/avr/5.4.0/avr5\libgcc.a(_copy_data.o)
 .text.libgcc.mul
                0x00000000        0x0 c:/program files (x86)/atmel/studio/7.0/toolchain/avr8/avr8-gnu-toolchain/bin/../lib/gcc/avr/5.4.0/avr5\libgcc.a(_copy_data.o)
 .text.libgcc.div
                0x00000000        0x0 c:/program files (x86)/atmel/studio/7.0/toolchain/avr8/avr8-gnu-toolchain/bin/../lib/gcc/avr/5.4.0/avr5\libgcc.a(_copy_data.o)
 .text.libgcc   0x00000000        0x0 c:/program files (x86)/atmel/studio/7.0/toolchain/avr8/avr8-gnu-toolchain/bin/../lib/gcc/avr/5.4.0/avr5\libgcc.a(_copy_data.o)
 .text.libgcc.prologue
                0x00000000        0x0 c:/program files (x86)/atmel/studio/7.0/toolchain/avr8/avr8-gnu-toolchain/bin/../lib/gcc/avr/5.4.0/avr5\libgcc.a(_copy_data.o)
 .text.libgcc.builtins
                0x00000000        0x0 c:/program files (x86)/atmel/studio/7.0/toolchain/avr8/avr8-gnu-toolchain/bin/../lib/gcc/avr/5.4.0/avr5\libgcc.a(_copy_data.o)
 .text.libgcc.fmul
                0x00000000        0x0 c:/program files (x86)/atmel/studio/7.0/toolchain/avr8/avr8-gnu-toolchain/bin/../lib/gcc/avr/5.4.0/avr5\libgcc.a(_copy_data.o)
 .text.libgcc.fixed
                0x00000000        0x0 c:/program files (x86)/atmel/studio/7.0/toolchain/avr8/avr8-gnu-toolchain/bin/../lib/gcc/avr/5.4.0/avr5\libgcc.a(_copy_data.o)
 .text          0x00000000        0x0 c:/program files (x86)/atmel/studio/7.0/toolchain/avr8/avr8-gnu-toolchain/bin/../lib/gcc/avr/5.4.0/avr5\libgcc.a(_clear_bss.o)
 .data          0x00000000        0x0 c:/program files (x86)/atmel/studio/7.0/toolchain/avr8/avr8-gnu-toolchain/bin/../lib/gcc/avr/5.4.0/avr5\libgcc.a(_clear_bss.o)
 .bss           0x00000000        0x0 c:/program files (x86)/atmel/studio/7.0/toolchain/avr8/avr8-gnu-toolchain/bin/../lib/gcc/avr/5.4.0/avr5\libgcc.a(_clear_bss.o)
 .text.libgcc.mul
                0x00000000        0x0 c:/program files (x86)/atmel/studio/7.0/toolchain/avr8/avr8-gnu-toolchain/bin/../lib/gcc/avr/5.4.0/avr5\libgcc.a(_clear_bss.o)
 .text.libgcc.div
                0x00000000        0x0 c:/program files (x86)/atmel/studio/7.0/toolchain/avr8/avr8-gnu-toolchain/bin/../lib/gcc/avr/5.4.0/avr5\libgcc.a(_clear_bss.o)
 .text.libgcc   0x00000000        0x0 c:/program files (x86)/atmel/studio/7.0/toolchain/avr8/avr8-gnu-toolchain/bin/../lib/gcc/avr/5.4.0/avr5\libgcc.a(_clear_bss.o)
 .text.libgcc.prologue
                0x00000000        0x0 c:/program files (x86)/atmel/studio/7.0/toolchain/avr8/avr8-gnu-toolchain/bin/../lib/gcc/avr/5.4.0/avr5\libgcc.a(_clear_bss.o)
 .text.libgcc.builtins
                0x00000000        0x0 c:/program files (x86)/atmel/studio/7.0/toolchain/avr8/avr8-gnu-toolchain/bin/../lib/gcc/avr/5.4.0/avr5\libgcc.a(_clear_bss.o)
 .text.libgcc.fmul
                0x00000000        0x0 c:/program files (x86)/atmel/studio/7.0/toolchain/avr8/avr8-gnu-toolchain/bin/../lib/gcc/avr/5.4.0/avr5\libgcc.a(_clear_bss.o)
 .text.libgcc.fixed
                0x00000000        0x0 c:/program files (x86)/atmel/studio/7.0/toolchain/avr8/avr8-gnu-toolchain/bin/../lib/gcc/avr/5.4.0/avr5\libgcc.a(_clear_bss.o)
 .text          0x00000000        0x0 c:/program files (x86)/atmel/studio/7.0/toolchain/avr8/avr8-gnu-toolchain/bin/../lib/gcc/avr/5.4.0/avr5\libgcc.a(_udivmodhi4.o)
 .data          0x00000000        0x0 c:/program files (x86)/atmel/studio/7.0/toolchain/avr8/avr8-gnu-toolchain/bin/../lib/gcc/avr/5.4.0/avr5\libgcc.a(_udivmodhi4.o)
 .bss           0x00000000        0x0 c:/program files (x86)/atmel/studio/7.0/toolchain/avr8/avr8-gnu-toolchain/bin/../lib/gcc/avr/5.4.0/avr5\libgcc.a(_udivmodhi4.o)
 .text.libgcc.mul
                0x00000000        0x0 c:/program files (x86)/atmel/studio/7.0/toolchain/avr8/avr8-gnu-toolchain/bin/../lib/gcc/avr/5.4.0/avr5\libgcc.a(_udivmodhi4.o)
 .text.libgcc   0x00000000        0x0 c:/program files (x86)/atmel/studio/7.0/toolchain/avr8/avr8-gnu-toolchain/bin/../lib/gcc/avr/5.4.0/avr5\libgcc.a(_udivmodhi4.o)
 .text.libgcc.prologue
                0x00000000        0x0 c:/program files (x86)/atmel/studio/7.0/toolchain/avr8/avr8-gnu-toolchain/bin/../lib/gcc/avr/5.4.0/avr5\libgcc.a(_udivmodhi4.o)
 .text.libgcc.builtins
                0x00000000        0x0 c:/program files (x86)/atmel/studio/7.0/toolchain/avr8/avr8-gnu-toolchain/bin/../lib/gcc/avr/5.4.0/avr5\libgcc.a(_udivmodhi4.o)
 .text.libgcc.fmul
                0x00000000        0x0 c:/program files (x86)/atmel/studio/7.0/toolchain/avr8/avr8-gnu-toolchain/bin/../lib/gcc/avr/5.4.0/avr5\libgcc.a(_udivmodhi4.o)
 .text.libgcc.fixed
                0x00000000        0x0 c:/program files (x86)/atmel/studio/7.0/toolchain/avr8/avr8-gnu-toolchain/bin/../lib/gcc/avr/5.4.0/avr5\libgcc.a(_udivmodhi4.o)
 .text          0x00000000        0x0 c:/program files (x86)/atmel/studio/7.0/toolchain/avr8/avr8-gnu-toolchain/bin/../lib/gcc/avr/5.4.0/../../../../avr/lib/avr5\libc.a(memcpy.o)
 .data          0x00000000        0x0 c:/program files (x86)/atmel/studio/7.0/toolchain/avr8/avr8-gnu-toolchain/bin/../lib/gcc/avr/5.4.0/../../../../avr/lib/avr5\libc.a(memcpy.o)
 .bss           0x00000000        0x0 c:/program files (x86)/atmel/studio/7.0/toolchain/avr8/avr8-gnu-toolchain/bin/../lib/gcc/avr/5.4.0/../../../../avr/lib/avr5\libc.a(memcpy.o)
 .text          0x00000000        0x0 c:/program files (x86)/atmel/studio/7.0/toolchain/avr8/avr8-gnu-toolchain/bin/../lib/gcc/avr/5.4.0/../../../../avr/lib/avr5\libc.a(memset.o)
 .data          0x00000000        0x0 c:/program files (x86)/atmel/studio/7.0/toolchain/avr8/avr8-gnu-toolchain/bin/../lib/gcc/avr/5.4.0/../../../../avr/lib/avr5\libc.a(memset.o)
 .bss           0x00000000        0x0 c:/program files (x86)/atmel/studio/7.0/toolchain/avr8/avr8-gnu-toolchain/bin/../lib/gcc/avr/5.4.0/../../../../avr/lib/avr5\libc.a(memset.o)
 .text          0x00000000        0x0 c:/program files (x86)/atmel/studio/7.0/toolchain/avr8/avr8-gnu-toolchain/bin/../lib/gcc/avr/5.4.0/../../../../avr/lib/avr5\libc.a(strlen.o)
 .data          0x00000000        0x0 c:/program files (x86)/atmel/studio/7.0/toolchain/avr8/avr8-gnu-toolchain/bin/../lib/gcc/avr/5.4.0/../../../../avr/lib/avr5\libc.a(strlen.o)
 .bss           0x00000000        0x0 c:/program files (x86)/atmel/studio/7.0/toolchain/avr8/avr8-gnu-toolchain/bin/../lib/gcc/avr/5.4.0/../../../../avr/lib/avr5\libc.a(strlen.o)

Memory Configuration

Name             Origin             Length             Attributes
text             0x00000000         0x00020000         xr
data             0x00800060         0x0000ffa0         rw !x
eeprom           0x00810000         0x00010000         rw !x
fuse             0x00820000         0x00000003         rw !x
lock             0x00830000         0x00000400         rw !x
signature        0x00840000         0x00000400         rw !x
user_signatures  0x00850000         0x00000400         rw !x
*default*        0x00000000         0xffffffff

Linker script and memory map

Address of section .data set to 0x800100
LOAD C:/Program Files (x86)/Atmel/Studio/7.0/Packs/atmel/ATmega_DFP/1.2.150/gcc/dev/atmega324pa/avr5/crtatmega324pa.o
LOAD byteStuffing.o
LOAD game.o
LOAD joystick.o
LOAD main.o
LOAD protocol.o
LOAD serialcom.o
LOAD src/board/board.o
LOAD src/buffer/buffer.o
LOAD src/FreeRTOS/Source/croutine.o
LOAD src/FreeRTOS/Source/event_groups.o
LOAD src/FreeRTOS/Source/list.o
LOAD src/FreeRTOS/Source/portable/GCC/ATMega324/port.o
LOAD src/serial/serial.o
LOAD src/FreeRTOS/Source/portable/MemMang/heap_2.o
LOAD src/FreeRTOS/Source/queue.o
LOAD src/FreeRTOS/Source/tasks.o
LOAD src/FreeRTOS/Source/timers.o
START GROUP
LOAD c:/program files (x86)/atmel/studio/7.0/toolchain/avr8/avr8-gnu-toolchain/bin/../lib/gcc/avr/5.4.0/../../../../avr/lib/avr5\libm.a
END GROUP
START GROUP
LOAD c:/program files (x86)/atmel/studio/7.0/toolchain/avr8/avr8-gnu-toolchain/bin/../lib/gcc/avr/5.4.0/avr5\libgcc.a
LOAD c:/program files (x86)/atmel/studio/7.0/toolchain/avr8/avr8-gnu-toolchain/bin/../lib/gcc/avr/5.4.0/../../../../avr/lib/avr5\libm.a
LOAD c:/program files (x86)/atmel/studio/7.0/toolchain/avr8/avr8-gnu-toolchain/bin/../lib/gcc/avr/5.4.0/../../../../avr/lib/avr5\libc.a
LOAD C:/Program Files (x86)/Atmel/Studio/7.0/Packs/atmel/ATmega_DFP/1.2.150/gcc/dev/atmega324pa/avr5\libatmega324pa.a
END GROUP
                0x00020000                __TEXT_REGION_LENGTH__ = DEFINED (__TEXT_REGION_LENGTH__)?__TEXT_REGION_LENGTH__:0x20000
                0x0000ffa0                __DATA_REGION_LENGTH__ = DEFINED (__DATA_REGION_LENGTH__)?__DATA_REGION_LENGTH__:0xffa0
                0x00010000                __EEPROM_REGION_LENGTH__ = DEFINED (__EEPROM_REGION_LENGTH__)?__EEPROM_REGION_LENGTH__:0x10000
                [0x00000003]                __FUSE_REGION_LENGTH__ = DEFINED (__FUSE_REGION_LENGTH__)?__FUSE_REGION_LENGTH__:0x400
                0x00000400                __LOCK_REGION_LENGTH__ = DEFINED (__LOCK_REGION_LENGTH__)?__LOCK_REGION_LENGTH__:0x400
                0x00000400                __SIGNATURE_REGION_LENGTH__ = DEFINED (__SIGNATURE_REGION_LENGTH__)?__SIGNATURE_REGION_LENGTH__:0x400
                0x00000400                __USER_SIGNATURE_REGION_LENGTH__ = DEFINED (__USER_SIGNATURE_REGION_LENGTH__)?__USER_SIGNATURE_REGION_LENGTH__:0x400

.hash
 *(.hash)

.dynsym
 *(.dynsym)

.dynstr
 *(.dynstr)

.gnu.version
 *(.gnu.version)

.gnu.version_d
 *(.gnu.version_d)

.gnu.version_r
 *(.gnu.version_r)

.rel.init
 *(.rel.init)

.rela.init
 *(.rela.init)

.rel.text
 *(.rel.text)
 *(.rel.text.*)
 *(.rel.gnu.linkonce.t*)

.rela.text
 *(.rela.text)
 *(.rela.text.*)
 *(.rela.gnu.linkonce.t*)

.rel.fini
 *(.rel.fini)

.rela.fini
 *(.rela.fini)

.rel.rodata
 *(.rel.rodata)
 *(.rel.rodata.*)
 *(.rel.gnu.linkonce.r*)

.rela.rodata
 *(.rela.rodata)
 *(.rela.rodata.*)
 *(.rela.gnu.linkonce.r*)

.rel.data
 *(.rel.data)
 *(.rel.data.*)
 *(.rel.gnu.linkonce.d*)

.rela.data
 *(.rela.data)
 *(.rela.data.*)
 *(.rela.gnu.linkonce.d*)

.rel.ctors
 *(.rel.ctors)

.rela.ctors
 *(.rela.ctors)

.rel.dtors
 *(.rel.dtors)

.rela.dtors
 *(.rela.dtors)

.rel.got
 *(.rel.got)

.rela.got
 *(.rela.got)

.rel.bss
 *(.rel.bss)

.rela.bss
 *(.rela.bss)

.rel.plt
 *(.rel.plt)

.rela.plt
 *(.rela.plt)

.text           0x00000000     0x4ebe
 *(.vectors)
 .vectors       0x00000000       0x7c C:/Program Files (x86)/Atmel/Studio/7.0/Packs/atmel/ATmega_DFP/1.2.150/gcc/dev/atmega324pa/avr5/crtatmega324pa.o
                0x00000000                __vector_default
                0x00000000                __vectors
 *(.vectors)
 *(.progmem.gcc*)
                0x0000007c                . = ALIGN (0x2)
                0x0000007c                __trampolines_start = .
 *(.trampolines)
 .trampolines   0x0000007c        0x0 linker stubs
 *(.trampolines*)
                0x0000007c                __trampolines_end = .
 *libprintf_flt.a:*(.progmem.data)
 *libc.a:*(.progmem.data)
 *(.progmem*)
                0x0000007c                . = ALIGN (0x2)
 *(.jumptables)
 *(.jumptables*)
 *(.lowtext)
 *(.lowtext*)
                0x0000007c                __ctors_start = .
 *(.ctors)
                0x0000007c                __ctors_end = .
                0x0000007c                __dtors_start = .
 *(.dtors)
                0x0000007c                __dtors_end = .
 SORT(*)(.ctors)
 SORT(*)(.dtors)
 *(.init0)
 .init0         0x0000007c        0x0 C:/Program Files (x86)/Atmel/Studio/7.0/Packs/atmel/ATmega_DFP/1.2.150/gcc/dev/atmega324pa/avr5/crtatmega324pa.o
                0x0000007c                __init
 *(.init0)
 *(.init1)
 *(.init1)
 *(.init2)
 .init2         0x0000007c        0xc C:/Program Files (x86)/Atmel/Studio/7.0/Packs/atmel/ATmega_DFP/1.2.150/gcc/dev/atmega324pa/avr5/crtatmega324pa.o
 *(.init2)
 *(.init3)
 *(.init3)
 *(.init4)
 .init4         0x00000088       0x16 c:/program files (x86)/atmel/studio/7.0/toolchain/avr8/avr8-gnu-toolchain/bin/../lib/gcc/avr/5.4.0/avr5\libgcc.a(_copy_data.o)
                0x00000088                __do_copy_data
 .init4         0x0000009e       0x10 c:/program files (x86)/atmel/studio/7.0/toolchain/avr8/avr8-gnu-toolchain/bin/../lib/gcc/avr/5.4.0/avr5\libgcc.a(_clear_bss.o)
                0x0000009e                __do_clear_bss
 *(.init4)
 *(.init5)
 *(.init5)
 *(.init6)
 *(.init6)
 *(.init7)
 *(.init7)
 *(.init8)
 *(.init8)
 *(.init9)
 .init9         0x000000ae        0x8 C:/Program Files (x86)/Atmel/Studio/7.0/Packs/atmel/ATmega_DFP/1.2.150/gcc/dev/atmega324pa/avr5/crtatmega324pa.o
 *(.init9)
 *(.text)
 .text          0x000000b6        0x4 C:/Program Files (x86)/Atmel/Studio/7.0/Packs/atmel/ATmega_DFP/1.2.150/gcc/dev/atmega324pa/avr5/crtatmega324pa.o
                0x000000b6                __vector_22
                0x000000b6                __vector_1
                0x000000b6                __vector_24
                0x000000b6                __vector_12
                0x000000b6                __bad_interrupt
                0x000000b6                __vector_6
                0x000000b6                __vector_3
                0x000000b6                __vector_23
                0x000000b6                __vector_30
                0x000000b6                __vector_25
                0x000000b6                __vector_11
                0x000000b6                __vector_17
                0x000000b6                __vector_19
                0x000000b6                __vector_7
                0x000000b6                __vector_27
                0x000000b6                __vector_5
                0x000000b6                __vector_4
                0x000000b6                __vector_9
                0x000000b6                __vector_2
                0x000000b6                __vector_15
                0x000000b6                __vector_26
                0x000000b6                __vector_14
                0x000000b6                __vector_10
                0x000000b6                __vector_18
                0x000000ba                . = ALIGN (0x2)
 *(.text.*)
 .text.byte_stuff
                0x000000ba      0x160 byteStuffing.o
                0x000000ba                byte_stuff
 .text.byte_unstuff
                0x0000021a      0x100 byteStuffing.o
                0x0000021a                byte_unstuff
 .text.snake_change_direction
                0x0000031a       0xaa game.o
                0x0000031a                snake_change_direction
 .text.restart_game
                0x000003c4       0x3a game.o
                0x000003c4                restart_game
 .text.end_game
                0x000003fe       0x14 game.o
                0x000003fe                end_game
 .text.xy_to_pixel_id
                0x00000412       0x2a game.o
                0x00000412                xy_to_pixel_id
 .text.com_send_string
                0x0000043c       0x30 game.o
                0x0000043c                com_send_string
 .text.game_renderer_task
                0x0000046c      0x23a game.o
                0x0000046c                game_renderer_task
 .text.move_to_location
                0x000006a6       0x76 game.o
                0x000006a6                move_to_location
 .text.generate_new_food
                0x0000071c       0x92 game.o
                0x0000071c                generate_new_food
 .text.check_collisions_for_player
                0x000007ae      0x11c game.o
                0x000007ae                check_collisions_for_player
 .text.snake_new_instance
                0x000008ca       0x8c game.o
                0x000008ca                snake_new_instance
 .text.init_game
                0x00000956       0xe4 game.o
                0x00000956                init_game
 .text.clear_screen
                0x00000a3a       0x46 game.o
                0x00000a3a                clear_screen
 .text.move_player_step
                0x00000a80      0x136 game.o
                0x00000a80                move_player_step
 .text.get_new_position
                0x00000bb6       0xde game.o
                0x00000bb6                get_new_position
 .text.y_offset
                0x00000c94       0x26 game.o
                0x00000c94                y_offset
 .text.x_offset
                0x00000cba       0x3e game.o
                0x00000cba                x_offset
 .text.draw_game
                0x00000cf8      0x17e game.o
                0x00000cf8                draw_game
 .text.mod      0x00000e76       0x54 game.o
                0x00000e76                mod
 .text.read_joystick
                0x00000eca       0x4a joystick.o
                0x00000eca                read_joystick
 .text.joystick_task
                0x00000f14       0x92 joystick.o
                0x00000f14                joystick_task
 .text.vApplicationIdleHook
                0x00000fa6       0x10 main.o
                0x00000fa6                vApplicationIdleHook
 .text.prepare_shiftregister
                0x00000fb6       0x22 main.o
                0x00000fb6                prepare_shiftregister
 .text.clock_shift_register_and_prepare_for_next_col
                0x00000fd8       0x6a main.o
                0x00000fd8                clock_shift_register_and_prepare_for_next_col
 .text.load_col_value
                0x00001042       0x56 main.o
                0x00001042                load_col_value
 .text.handle_display
                0x00001098       0x50 main.o
                0x00001098                handle_display
 .text.vApplicationStackOverflowHook
                0x000010e8       0x24 main.o
                0x000010e8                vApplicationStackOverflowHook
 .text.vApplicationMallocFailedHook
                0x0000110c       0x10 main.o
                0x0000110c                vApplicationMallocFailedHook
 .text.__vector_8
                0x0000111c       0x30 main.o
                0x0000111c                __vector_8
 .text.main     0x0000114c       0xd8 main.o
                0x0000114c                main
 .text.compute_crc8
                0x00001224       0x88 protocol.o
                0x00001224                compute_crc8
 .text.unpack_data_frame
                0x000012ac       0xbc protocol.o
                0x000012ac                unpack_data_frame
 .text.get_data_frame
                0x00001368      0x152 protocol.o
                0x00001368                get_data_frame
 .text.get_acknowledge_frame
                0x000014ba       0xb4 protocol.o
                0x000014ba                get_acknowledge_frame
 .text.is_start_of_frame
                0x0000156e       0x1e protocol.o
                0x0000156e                is_start_of_frame
 .text.is_CRC_valid
                0x0000158c       0x32 protocol.o
                0x0000158c                is_CRC_valid
 .text.get_frame_size
                0x000015be       0x54 protocol.o
                0x000015be                get_frame_size
 .text.is_ack_frame
                0x00001612       0x4c protocol.o
                0x00001612                is_ack_frame
 .text.get_frame_from_queue
                0x0000165e      0x12a protocol.o
                0x0000165e                get_frame_from_queue
 .text.serial_com_task
                0x00001788      0x20e serialcom.o
                0x00001788                serial_com_task
 .text.send_current_frame
                0x00001996       0x6a serialcom.o
                0x00001996                send_current_frame
 .text.count_illegal_chars
                0x00001a00       0x62 serialcom.o
                0x00001a00                count_illegal_chars
 .text.send_bytes
                0x00001a62      0x10e serialcom.o
                0x00001a62                send_bytes
 .text.handle_serial_input
                0x00001b70       0x7c serialcom.o
                0x00001b70                handle_serial_input
 .text._com_call_back
                0x00001bec       0x54 src/board/board.o
 .text.init_com
                0x00001c40       0x26 src/board/board.o
                0x00001c40                init_com
 .text.init_display_timer
                0x00001c66       0x66 src/board/board.o
                0x00001c66                init_display_timer
 .text.__vector_16
                0x00001ccc       0x6e src/board/board.o
                0x00001ccc                __vector_16
 .text.com_send_byte
                0x00001d3a       0x22 src/board/board.o
                0x00001d3a                com_send_byte
 .text.init_board
                0x00001d5c      0x122 src/board/board.o
                0x00001d5c                init_board
 .text.switch_in
                0x00001e7e       0x4a src/board/board.o
                0x00001e7e                switch_in
 .text.switch_out
                0x00001ec8       0x28 src/board/board.o
                0x00001ec8                switch_out
 .text.buffer_init
                0x00001ef0       0x32 src/buffer/buffer.o
                0x00001ef0                buffer_init
 .text.buffer_get_item
                0x00001f22       0x90 src/buffer/buffer.o
                0x00001f22                buffer_get_item
 .text.buffer_put_item
                0x00001fb2       0x86 src/buffer/buffer.o
                0x00001fb2                buffer_put_item
 .text.vListInitialise
                0x00002038       0x6c src/FreeRTOS/Source/list.o
                0x00002038                vListInitialise
 .text.vListInitialiseItem
                0x000020a4       0x24 src/FreeRTOS/Source/list.o
                0x000020a4                vListInitialiseItem
 .text.vListInsertEnd
                0x000020c8       0x9e src/FreeRTOS/Source/list.o
                0x000020c8                vListInsertEnd
 .text.vListInsert
                0x00002166       0xf0 src/FreeRTOS/Source/list.o
                0x00002166                vListInsert
 .text.uxListRemove
                0x00002256       0xae src/FreeRTOS/Source/list.o
                0x00002256                uxListRemove
 .text.pxPortInitialiseStack
                0x00002304      0x352 src/FreeRTOS/Source/portable/GCC/ATMega324/port.o
                0x00002304                pxPortInitialiseStack
 .text.xPortStartScheduler
                0x00002656       0x6a src/FreeRTOS/Source/portable/GCC/ATMega324/port.o
                0x00002656                xPortStartScheduler
 .text.vPortYield
                0x000026c0       0xb4 src/FreeRTOS/Source/portable/GCC/ATMega324/port.o
                0x000026c0                vPortYield
 .text.vPortYieldFromTick
                0x00002774       0xbc src/FreeRTOS/Source/portable/GCC/ATMega324/port.o
                0x00002774                vPortYieldFromTick
 .text.prvSetupTimerInterrupt
                0x00002830       0xc4 src/FreeRTOS/Source/portable/GCC/ATMega324/port.o
 .text.__vector_13
                0x000028f4        0x8 src/FreeRTOS/Source/portable/GCC/ATMega324/port.o
                0x000028f4                __vector_13
 .text._serial_tx_int_on
                0x000028fc       0x32 src/serial/serial.o
 .text.serial_new_instance
                0x0000292e      0x182 src/serial/serial.o
                0x0000292e                serial_new_instance
 .text.serial_send_byte
                0x00002ab0       0x54 src/serial/serial.o
                0x00002ab0                serial_send_byte
 .text.__vector_20
                0x00002b04       0xb2 src/serial/serial.o
                0x00002b04                __vector_20
 .text.__vector_21
                0x00002bb6       0xb6 src/serial/serial.o
                0x00002bb6                __vector_21
 .text.__vector_28
                0x00002c6c       0xb2 src/serial/serial.o
                0x00002c6c                __vector_28
 .text.__vector_29
                0x00002d1e       0xb6 src/serial/serial.o
                0x00002d1e                __vector_29
 .text.pvPortMalloc
                0x00002dd4      0x1ea src/FreeRTOS/Source/portable/MemMang/heap_2.o
                0x00002dd4                pvPortMalloc
 .text.vPortFree
                0x00002fbe       0xe4 src/FreeRTOS/Source/portable/MemMang/heap_2.o
                0x00002fbe                vPortFree
 .text.prvHeapInit
                0x000030a2       0x70 src/FreeRTOS/Source/portable/MemMang/heap_2.o
 .text.xQueueGenericReset
                0x00003112      0x128 src/FreeRTOS/Source/queue.o
                0x00003112                xQueueGenericReset
 .text.xQueueGenericCreate
                0x0000323a       0x98 src/FreeRTOS/Source/queue.o
                0x0000323a                xQueueGenericCreate
 .text.prvInitialiseNewQueue
                0x000032d2       0x8a src/FreeRTOS/Source/queue.o
 .text.prvInitialiseMutex
                0x0000335c       0x50 src/FreeRTOS/Source/queue.o
 .text.xQueueCreateMutex
                0x000033ac       0x40 src/FreeRTOS/Source/queue.o
                0x000033ac                xQueueCreateMutex
 .text.xQueueGenericSend
                0x000033ec      0x162 src/FreeRTOS/Source/queue.o
                0x000033ec                xQueueGenericSend
 .text.xQueueGenericSendFromISR
                0x0000354e       0xbe src/FreeRTOS/Source/queue.o
                0x0000354e                xQueueGenericSendFromISR
 .text.xQueueGenericReceive
                0x0000360c      0x1ec src/FreeRTOS/Source/queue.o
                0x0000360c                xQueueGenericReceive
 .text.uxQueueSpacesAvailable
                0x000037f8       0x4e src/FreeRTOS/Source/queue.o
                0x000037f8                uxQueueSpacesAvailable
 .text.prvCopyDataToQueue
                0x00003846      0x1a0 src/FreeRTOS/Source/queue.o
 .text.prvCopyDataFromQueue
                0x000039e6       0xa2 src/FreeRTOS/Source/queue.o
 .text.prvUnlockQueue
                0x00003a88       0xbc src/FreeRTOS/Source/queue.o
 .text.prvIsQueueEmpty
                0x00003b44       0x3c src/FreeRTOS/Source/queue.o
 .text.prvIsQueueFull
                0x00003b80       0x44 src/FreeRTOS/Source/queue.o
 .text.xTaskCreate
                0x00003bc4       0xfa src/FreeRTOS/Source/tasks.o
                0x00003bc4                xTaskCreate
 .text.prvInitialiseNewTask
                0x00003cbe      0x1b8 src/FreeRTOS/Source/tasks.o
 .text.prvAddNewTaskToReadyList
                0x00003e76      0x108 src/FreeRTOS/Source/tasks.o
 .text.vTaskDelayUntil
                0x00003f7e       0xf4 src/FreeRTOS/Source/tasks.o
                0x00003f7e                vTaskDelayUntil
 .text.vTaskDelay
                0x00004072       0x46 src/FreeRTOS/Source/tasks.o
                0x00004072                vTaskDelay
 .text.vTaskStartScheduler
                0x000040b8       0x6a src/FreeRTOS/Source/tasks.o
                0x000040b8                vTaskStartScheduler
 .text.vTaskSuspendAll
                0x00004122       0x1a src/FreeRTOS/Source/tasks.o
                0x00004122                vTaskSuspendAll
 .text.xTaskResumeAll
                0x0000413c      0x12e src/FreeRTOS/Source/tasks.o
                0x0000413c                xTaskResumeAll
 .text.xTaskGetTickCount
                0x0000426a       0x2e src/FreeRTOS/Source/tasks.o
                0x0000426a                xTaskGetTickCount
 .text.xTaskIncrementTick
                0x00004298      0x1da src/FreeRTOS/Source/tasks.o
                0x00004298                xTaskIncrementTick
 .text.vTaskSetApplicationTaskTag
                0x00004472       0x60 src/FreeRTOS/Source/tasks.o
                0x00004472                vTaskSetApplicationTaskTag
 .text.vTaskSwitchContext
                0x000044d2      0x14a src/FreeRTOS/Source/tasks.o
                0x000044d2                vTaskSwitchContext
 .text.vTaskPlaceOnEventList
                0x0000461c       0x46 src/FreeRTOS/Source/tasks.o
                0x0000461c                vTaskPlaceOnEventList
 .text.xTaskRemoveFromEventList
                0x00004662       0xda src/FreeRTOS/Source/tasks.o
                0x00004662                xTaskRemoveFromEventList
 .text.vTaskSetTimeOutState
                0x0000473c       0x38 src/FreeRTOS/Source/tasks.o
                0x0000473c                vTaskSetTimeOutState
 .text.xTaskCheckForTimeOut
                0x00004774       0xd0 src/FreeRTOS/Source/tasks.o
                0x00004774                xTaskCheckForTimeOut
 .text.vTaskMissedYield
                0x00004844       0x16 src/FreeRTOS/Source/tasks.o
                0x00004844                vTaskMissedYield
 .text.prvIdleTask
                0x0000485a       0x24 src/FreeRTOS/Source/tasks.o
 .text.prvInitialiseTaskLists
                0x0000487e       0x7c src/FreeRTOS/Source/tasks.o
 .text.prvCheckTasksWaitingTermination
                0x000048fa       0x82 src/FreeRTOS/Source/tasks.o
 .text.prvTaskCheckFreeStackSpace
                0x0000497c       0x5e src/FreeRTOS/Source/tasks.o
 .text.uxTaskGetStackHighWaterMark
                0x000049da       0x5e src/FreeRTOS/Source/tasks.o
                0x000049da                uxTaskGetStackHighWaterMark
 .text.prvDeleteTCB
                0x00004a38       0x30 src/FreeRTOS/Source/tasks.o
 .text.prvResetNextTaskUnblockTime
                0x00004a68       0x5e src/FreeRTOS/Source/tasks.o
 .text.vTaskPriorityInherit
                0x00004ac6      0x130 src/FreeRTOS/Source/tasks.o
                0x00004ac6                vTaskPriorityInherit
 .text.xTaskPriorityDisinherit
                0x00004bf6       0xfa src/FreeRTOS/Source/tasks.o
                0x00004bf6                xTaskPriorityDisinherit
 .text.pvTaskIncrementMutexHeldCount
                0x00004cf0       0x34 src/FreeRTOS/Source/tasks.o
                0x00004cf0                pvTaskIncrementMutexHeldCount
 .text.prvAddCurrentTaskToDelayedList
                0x00004d24       0xd0 src/FreeRTOS/Source/tasks.o
 .text.libgcc.div
                0x00004df4       0x28 c:/program files (x86)/atmel/studio/7.0/toolchain/avr8/avr8-gnu-toolchain/bin/../lib/gcc/avr/5.4.0/avr5\libgcc.a(_divmodhi4.o)
                0x00004df4                _div
                0x00004df4                __divmodhi4
 .text.libgcc.div
                0x00004e1c       0x44 c:/program files (x86)/atmel/studio/7.0/toolchain/avr8/avr8-gnu-toolchain/bin/../lib/gcc/avr/5.4.0/avr5\libgcc.a(_udivmodsi4.o)
                0x00004e1c                __udivmodsi4
 .text.libgcc.div
                0x00004e60       0x28 c:/program files (x86)/atmel/studio/7.0/toolchain/avr8/avr8-gnu-toolchain/bin/../lib/gcc/avr/5.4.0/avr5\libgcc.a(_udivmodhi4.o)
                0x00004e60                __udivmodhi4
 .text.avr-libc
                0x00004e88       0x12 c:/program files (x86)/atmel/studio/7.0/toolchain/avr8/avr8-gnu-toolchain/bin/../lib/gcc/avr/5.4.0/../../../../avr/lib/avr5\libc.a(memcpy.o)
                0x00004e88                memcpy
 .text.avr-libc
                0x00004e9a        0xe c:/program files (x86)/atmel/studio/7.0/toolchain/avr8/avr8-gnu-toolchain/bin/../lib/gcc/avr/5.4.0/../../../../avr/lib/avr5\libc.a(memset.o)
                0x00004e9a                memset
 .text.avr-libc
                0x00004ea8       0x12 c:/program files (x86)/atmel/studio/7.0/toolchain/avr8/avr8-gnu-toolchain/bin/../lib/gcc/avr/5.4.0/../../../../avr/lib/avr5\libc.a(strlen.o)
                0x00004ea8                strlen
                0x00004eba                . = ALIGN (0x2)
 *(.fini9)
 .fini9         0x00004eba        0x0 c:/program files (x86)/atmel/studio/7.0/toolchain/avr8/avr8-gnu-toolchain/bin/../lib/gcc/avr/5.4.0/avr5\libgcc.a(_exit.o)
                0x00004eba                _exit
                0x00004eba                exit
 *(.fini9)
 *(.fini8)
 *(.fini8)
 *(.fini7)
 *(.fini7)
 *(.fini6)
 *(.fini6)
 *(.fini5)
 *(.fini5)
 *(.fini4)
 *(.fini4)
 *(.fini3)
 *(.fini3)
 *(.fini2)
 *(.fini2)
 *(.fini1)
 *(.fini1)
 *(.fini0)
 .fini0         0x00004eba        0x4 c:/program files (x86)/atmel/studio/7.0/toolchain/avr8/avr8-gnu-toolchain/bin/../lib/gcc/avr/5.4.0/avr5\libgcc.a(_exit.o)
 *(.fini0)
                0x00004ebe                _etext = .

.data           0x00800100       0x9e load address 0x00004ebe
                0x00800100                PROVIDE (__data_start, .)
 *(.data)
 *(.data*)
 .data.food_location
                0x00800100        0x1 game.o
 .data.frame_buf
                0x00800101       0x1c main.o
                0x00800101                frame_buf
 .data.RTS      0x0080011d        0x1 serialcom.o
 .data._com_port_2_udr
                0x0080011e        0x4 src/serial/serial.o
                0x0080011e                _com_port_2_udr
 .data.xFreeBytesRemaining
                0x00800122        0x2 src/FreeRTOS/Source/portable/MemMang/heap_2.o
 *(.gnu.linkonce.d*)
 *(.rodata)
 .rodata        0x00800124       0x57 game.o
 .rodata        0x0080017b       0x1e main.o
 .rodata        0x00800199        0x5 src/FreeRTOS/Source/tasks.o
 *(.rodata*)
 *(.gnu.linkonce.r*)
                0x0080019e                . = ALIGN (0x2)
                0x0080019e                _edata = .
                0x0080019e                PROVIDE (__data_end, .)

.bss            0x0080019e      0x6a4
                0x0080019e                PROVIDE (__bss_start, .)
 *(.bss)
 *(.bss*)
 .bss.snakes    0x0080019e        0x4 game.o
 .bss.run_game  0x008001a2        0x1 game.o
 .bss.wdt_ran   0x008001a3        0x1 main.o
                0x008001a3                wdt_ran
 .bss.col.2169  0x008001a4        0x1 main.o
 .bss._x_com_received_chars_queue
                0x008001a5        0x2 serialcom.o
 .bss.com_send_frame_buffer
                0x008001a7        0x2 serialcom.o
 .bss.com_send_queue_add_mutex
                0x008001a9        0x2 serialcom.o
 .bss.last_sent_frame
                0x008001ab       0x64 serialcom.o
 .bss.last_sent_frame_size
                0x0080020f        0x1 serialcom.o
 .bss.last_frame_time
                0x00800210        0x2 serialcom.o
 .bss.ack_timeouts
                0x00800212        0x1 serialcom.o
 .bss._com_serial_instance
                0x00800213        0x2 src/board/board.o
 .bss._x_rx_com_queue
                0x00800215        0x2 src/board/board.o
 .bss.cb_ptr    0x00800217        0x2 src/board/board.o
 .bss._com_rx_buffer.2133
                0x00800219       0x23 src/board/board.o
 .bss._com_tx_buffer.2134
                0x0080023c       0x23 src/board/board.o
 .bss._ser_handle
                0x0080025f        0x4 src/serial/serial.o
 .bss.ucHeap    0x00800263      0x578 src/FreeRTOS/Source/portable/MemMang/heap_2.o
 .bss.xStart    0x008007db        0x4 src/FreeRTOS/Source/portable/MemMang/heap_2.o
 .bss.xEnd      0x008007df        0x4 src/FreeRTOS/Source/portable/MemMang/heap_2.o
 .bss.xHeapHasBeenInitialised.2095
                0x008007e3        0x1 src/FreeRTOS/Source/portable/MemMang/heap_2.o
 .bss.pxCurrentTCB
                0x008007e4        0x2 src/FreeRTOS/Source/tasks.o
                0x008007e4                pxCurrentTCB
 .bss.pxReadyTasksLists
                0x008007e6       0x24 src/FreeRTOS/Source/tasks.o
 .bss.xDelayedTaskList1
                0x0080080a        0x9 src/FreeRTOS/Source/tasks.o
 .bss.xDelayedTaskList2
                0x00800813        0x9 src/FreeRTOS/Source/tasks.o
 .bss.pxDelayedTaskList
                0x0080081c        0x2 src/FreeRTOS/Source/tasks.o
 .bss.pxOverflowDelayedTaskList
                0x0080081e        0x2 src/FreeRTOS/Source/tasks.o
 .bss.xPendingReadyList
                0x00800820        0x9 src/FreeRTOS/Source/tasks.o
 .bss.xTasksWaitingTermination
                0x00800829        0x9 src/FreeRTOS/Source/tasks.o
 .bss.uxDeletedTasksWaitingCleanUp
                0x00800832        0x1 src/FreeRTOS/Source/tasks.o
 .bss.uxCurrentNumberOfTasks
                0x00800833        0x1 src/FreeRTOS/Source/tasks.o
 .bss.xTickCount
                0x00800834        0x2 src/FreeRTOS/Source/tasks.o
 .bss.uxTopReadyPriority
                0x00800836        0x1 src/FreeRTOS/Source/tasks.o
 .bss.xSchedulerRunning
                0x00800837        0x1 src/FreeRTOS/Source/tasks.o
 .bss.uxPendedTicks
                0x00800838        0x1 src/FreeRTOS/Source/tasks.o
 .bss.xYieldPending
                0x00800839        0x1 src/FreeRTOS/Source/tasks.o
 .bss.xNumOfOverflows
                0x0080083a        0x1 src/FreeRTOS/Source/tasks.o
 .bss.uxTaskNumber
                0x0080083b        0x1 src/FreeRTOS/Source/tasks.o
 .bss.xNextTaskUnblockTime
                0x0080083c        0x2 src/FreeRTOS/Source/tasks.o
 .bss.xIdleTaskHandle
                0x0080083e        0x2 src/FreeRTOS/Source/tasks.o
 .bss.uxSchedulerSuspended
                0x00800840        0x1 src/FreeRTOS/Source/tasks.o
 *(COMMON)
 COMMON         0x00800841        0x1 main.o
                0x00800841                rng_seed
                0x00800842                PROVIDE (__bss_end, .)
                0x00004ebe                __data_load_start = LOADADDR (.data)
                0x00004f5c                __data_load_end = (__data_load_start + SIZEOF (.data))

.noinit         0x00800842        0x0
                [!provide]                PROVIDE (__noinit_start, .)
 *(.noinit*)
                [!provide]                PROVIDE (__noinit_end, .)
                0x00800842                _end = .
                [!provide]                PROVIDE (__heap_start, .)

.eeprom         0x00810000        0x0
 *(.eeprom*)
                0x00810000                __eeprom_end = .

.fuse
 *(.fuse)
 *(.lfuse)
 *(.hfuse)
 *(.efuse)

.lock
 *(.lock*)

.signature
 *(.signature*)

.user_signatures
 *(.user_signatures*)

.stab
 *(.stab)

.stabstr
 *(.stabstr)

.stab.excl
 *(.stab.excl)

.stab.exclstr
 *(.stab.exclstr)

.stab.index
 *(.stab.index)

.stab.indexstr
 *(.stab.indexstr)

.comment        0x00000000       0x60
 *(.comment)
 .comment       0x00000000       0x30 byteStuffing.o
                                 0x31 (size before relaxing)
 .comment       0x00000030       0x31 game.o
 .comment       0x00000030       0x30 joystick.o
                                 0x31 (size before relaxing)
 .comment       0x00000060       0x31 main.o
 .comment       0x00000060       0x31 protocol.o
 .comment       0x00000060       0x31 serialcom.o
 .comment       0x00000060       0x31 src/board/board.o
 .comment       0x00000060       0x31 src/buffer/buffer.o
 .comment       0x00000060       0x31 src/FreeRTOS/Source/list.o
 .comment       0x00000060       0x31 src/FreeRTOS/Source/portable/GCC/ATMega324/port.o
 .comment       0x00000060       0x31 src/serial/serial.o
 .comment       0x00000060       0x31 src/FreeRTOS/Source/portable/MemMang/heap_2.o
 .comment       0x00000060       0x31 src/FreeRTOS/Source/queue.o
 .comment       0x00000060       0x31 src/FreeRTOS/Source/tasks.o

.note.gnu.avr.deviceinfo
                0x00000000       0x40
 .note.gnu.avr.deviceinfo
                0x00000000       0x40 C:/Program Files (x86)/Atmel/Studio/7.0/Packs/atmel/ATmega_DFP/1.2.150/gcc/dev/atmega324pa/avr5/crtatmega324pa.o

.note.gnu.build-id
 *(.note.gnu.build-id)

.debug
 *(.debug)

.line
 *(.line)

.debug_srcinfo
 *(.debug_srcinfo)

.debug_sfnames
 *(.debug_sfnames)

.debug_aranges  0x00000000      0x678
 *(.debug_aranges)
 .debug_aranges
                0x00000000       0x28 byteStuffing.o
 .debug_aranges
                0x00000028       0xa8 game.o
 .debug_aranges
                0x000000d0       0x28 joystick.o
 .debug_aranges
                0x000000f8       0x60 main.o
 .debug_aranges
                0x00000158       0x60 protocol.o
 .debug_aranges
                0x000001b8       0x40 serialcom.o
 .debug_aranges
                0x000001f8       0x60 src/board/board.o
 .debug_aranges
                0x00000258       0x48 src/buffer/buffer.o
 .debug_aranges
                0x000002a0       0x40 src/FreeRTOS/Source/list.o
 .debug_aranges
                0x000002e0       0x50 src/FreeRTOS/Source/portable/GCC/ATMega324/port.o
 .debug_aranges
                0x00000330       0x58 src/serial/serial.o
 .debug_aranges
                0x00000388       0x40 src/FreeRTOS/Source/portable/MemMang/heap_2.o
 .debug_aranges
                0x000003c8      0x100 src/FreeRTOS/Source/queue.o
 .debug_aranges
                0x000004c8      0x1b0 src/FreeRTOS/Source/tasks.o

.debug_pubnames
 *(.debug_pubnames)

.debug_info     0x00000000     0x51da
 *(.debug_info .gnu.linkonce.wi.*)
 .debug_info    0x00000000      0x6cc C:/Program Files (x86)/Atmel/Studio/7.0/Packs/atmel/ATmega_DFP/1.2.150/gcc/dev/atmega324pa/avr5/crtatmega324pa.o
 .debug_info    0x000006cc      0x17c byteStuffing.o
 .debug_info    0x00000848      0x762 game.o
 .debug_info    0x00000faa      0x166 joystick.o
 .debug_info    0x00001110      0x23f main.o
 .debug_info    0x0000134f      0x402 protocol.o
 .debug_info    0x00001751      0x4a2 serialcom.o
 .debug_info    0x00001bf3      0x390 src/board/board.o
 .debug_info    0x00001f83      0x1fe src/buffer/buffer.o
 .debug_info    0x00002181      0x2b0 src/FreeRTOS/Source/list.o
 .debug_info    0x00002431      0x1ed src/FreeRTOS/Source/portable/GCC/ATMega324/port.o
 .debug_info    0x0000261e      0x484 src/serial/serial.o
 .debug_info    0x00002aa2      0x2da src/FreeRTOS/Source/portable/MemMang/heap_2.o
 .debug_info    0x00002d7c      0xdd1 src/FreeRTOS/Source/queue.o
 .debug_info    0x00003b4d     0x168d src/FreeRTOS/Source/tasks.o

.debug_abbrev   0x00000000     0x181b
 *(.debug_abbrev)
 .debug_abbrev  0x00000000      0x66e C:/Program Files (x86)/Atmel/Studio/7.0/Packs/atmel/ATmega_DFP/1.2.150/gcc/dev/atmega324pa/avr5/crtatmega324pa.o
 .debug_abbrev  0x0000066e       0x9d byteStuffing.o
 .debug_abbrev  0x0000070b      0x20c game.o
 .debug_abbrev  0x00000917       0xd8 joystick.o
 .debug_abbrev  0x000009ef      0x10f main.o
 .debug_abbrev  0x00000afe      0x106 protocol.o
 .debug_abbrev  0x00000c04      0x157 serialcom.o
 .debug_abbrev  0x00000d5b      0x157 src/board/board.o
 .debug_abbrev  0x00000eb2       0xcf src/buffer/buffer.o
 .debug_abbrev  0x00000f81       0xc0 src/FreeRTOS/Source/list.o
 .debug_abbrev  0x00001041      0x104 src/FreeRTOS/Source/portable/GCC/ATMega324/port.o
 .debug_abbrev  0x00001145      0x15d src/serial/serial.o
 .debug_abbrev  0x000012a2      0x170 src/FreeRTOS/Source/portable/MemMang/heap_2.o
 .debug_abbrev  0x00001412      0x1a7 src/FreeRTOS/Source/queue.o
 .debug_abbrev  0x000015b9      0x262 src/FreeRTOS/Source/tasks.o

.debug_line     0x00000000     0x4652
 *(.debug_line .debug_line.* .debug_line_end)
 .debug_line    0x00000000      0x151 C:/Program Files (x86)/Atmel/Studio/7.0/Packs/atmel/ATmega_DFP/1.2.150/gcc/dev/atmega324pa/avr5/crtatmega324pa.o
 .debug_line    0x00000151      0x1a7 byteStuffing.o
 .debug_line    0x000002f8      0x638 game.o
 .debug_line    0x00000930      0x150 joystick.o
 .debug_line    0x00000a80      0x28c main.o
 .debug_line    0x00000d0c      0x3f6 protocol.o
 .debug_line    0x00001102      0x3d5 serialcom.o
 .debug_line    0x000014d7      0x2cb src/board/board.o
 .debug_line    0x000017a2      0x1a3 src/buffer/buffer.o
 .debug_line    0x00001945      0x246 src/FreeRTOS/Source/list.o
 .debug_line    0x00001b8b      0x41f src/FreeRTOS/Source/portable/GCC/ATMega324/port.o
 .debug_line    0x00001faa      0x2de src/serial/serial.o
 .debug_line    0x00002288      0x338 src/FreeRTOS/Source/portable/MemMang/heap_2.o
 .debug_line    0x000025c0      0xc29 src/FreeRTOS/Source/queue.o
 .debug_line    0x000031e9     0x1469 src/FreeRTOS/Source/tasks.o

.debug_frame    0x00000000     0x184c
 *(.debug_frame)
 .debug_frame   0x00000000       0x54 byteStuffing.o
 .debug_frame   0x00000054      0x280 game.o
 .debug_frame   0x000002d4       0x54 joystick.o
 .debug_frame   0x00000328      0x150 main.o
 .debug_frame   0x00000478      0x134 protocol.o
 .debug_frame   0x000005ac       0xb4 serialcom.o
 .debug_frame   0x00000660      0x1a0 src/board/board.o
 .debug_frame   0x00000800       0xd4 src/buffer/buffer.o
 .debug_frame   0x000008d4       0xb4 src/FreeRTOS/Source/list.o
 .debug_frame   0x00000988       0xc4 src/FreeRTOS/Source/portable/GCC/ATMega324/port.o
 .debug_frame   0x00000a4c      0x264 src/serial/serial.o
 .debug_frame   0x00000cb0       0xb4 src/FreeRTOS/Source/portable/MemMang/heap_2.o
 .debug_frame   0x00000d64      0x3cc src/FreeRTOS/Source/queue.o
 .debug_frame   0x00001130      0x71c src/FreeRTOS/Source/tasks.o

.debug_str      0x00000000     0x22b5
 *(.debug_str)
 .debug_str     0x00000000      0x255 C:/Program Files (x86)/Atmel/Studio/7.0/Packs/atmel/ATmega_DFP/1.2.150/gcc/dev/atmega324pa/avr5/crtatmega324pa.o
 .debug_str     0x00000255      0x268 byteStuffing.o
                                0x29c (size before relaxing)
 .debug_str     0x000004bd      0x2d1 game.o
                                0x429 (size before relaxing)
 .debug_str     0x0000078e       0xc5 joystick.o
                                0x262 (size before relaxing)
 .debug_str     0x00000853       0xee main.o
                                0x2bf (size before relaxing)
 .debug_str     0x00000941      0x156 protocol.o
                                0x34f (size before relaxing)
 .debug_str     0x00000a97      0x143 serialcom.o
                                0x3fd (size before relaxing)
 .debug_str     0x00000bda      0x228 src/board/board.o
                                0x3ed (size before relaxing)
 .debug_str     0x00000e02       0x73 src/buffer/buffer.o
                                0x25d (size before relaxing)
 .debug_str     0x00000e75      0x13b src/FreeRTOS/Source/list.o
                                0x2e1 (size before relaxing)
 .debug_str     0x00000fb0      0x118 src/FreeRTOS/Source/portable/GCC/ATMega324/port.o
                                0x2cc (size before relaxing)
 .debug_str     0x000010c8      0x152 src/serial/serial.o
                                0x419 (size before relaxing)
 .debug_str     0x0000121a      0x15f src/FreeRTOS/Source/portable/MemMang/heap_2.o
                                0x330 (size before relaxing)
 .debug_str     0x00001379      0x49a src/FreeRTOS/Source/queue.o
                                0x72c (size before relaxing)
 .debug_str     0x00001813      0xaa2 src/FreeRTOS/Source/tasks.o
                                0xe53 (size before relaxing)

.debug_loc      0x00000000     0x3347
 *(.debug_loc)
 .debug_loc     0x00000000       0x8e byteStuffing.o
 .debug_loc     0x0000008e      0x54f game.o
 .debug_loc     0x000005dd       0x83 joystick.o
 .debug_loc     0x00000660      0x288 main.o
 .debug_loc     0x000008e8      0x284 protocol.o
 .debug_loc     0x00000b6c      0x167 serialcom.o
 .debug_loc     0x00000cd3      0x38c src/board/board.o
 .debug_loc     0x0000105f      0x1b0 src/buffer/buffer.o
 .debug_loc     0x0000120f      0x167 src/FreeRTOS/Source/list.o
 .debug_loc     0x00001376      0x105 src/FreeRTOS/Source/portable/GCC/ATMega324/port.o
 .debug_loc     0x0000147b      0x58c src/serial/serial.o
 .debug_loc     0x00001a07      0x14c src/FreeRTOS/Source/portable/MemMang/heap_2.o
 .debug_loc     0x00001b53      0x84f src/FreeRTOS/Source/queue.o
 .debug_loc     0x000023a2      0xfa5 src/FreeRTOS/Source/tasks.o

.debug_macinfo
 *(.debug_macinfo)

.debug_weaknames
 *(.debug_weaknames)

.debug_funcnames
 *(.debug_funcnames)

.debug_typenames
 *(.debug_typenames)

.debug_varnames
 *(.debug_varnames)

.debug_pubtypes
 *(.debug_pubtypes)

.debug_ranges   0x00000000      0x598
 *(.debug_ranges)
 .debug_ranges  0x00000000       0x18 byteStuffing.o
 .debug_ranges  0x00000018       0x98 game.o
 .debug_ranges  0x000000b0       0x18 joystick.o
 .debug_ranges  0x000000c8       0x50 main.o
 .debug_ranges  0x00000118       0x50 protocol.o
 .debug_ranges  0x00000168       0x30 serialcom.o
 .debug_ranges  0x00000198       0x50 src/board/board.o
 .debug_ranges  0x000001e8       0x38 src/buffer/buffer.o
 .debug_ranges  0x00000220       0x30 src/FreeRTOS/Source/list.o
 .debug_ranges  0x00000250       0x40 src/FreeRTOS/Source/portable/GCC/ATMega324/port.o
 .debug_ranges  0x00000290       0x48 src/serial/serial.o
 .debug_ranges  0x000002d8       0x30 src/FreeRTOS/Source/portable/MemMang/heap_2.o
 .debug_ranges  0x00000308       0xf0 src/FreeRTOS/Source/queue.o
 .debug_ranges  0x000003f8      0x1a0 src/FreeRTOS/Source/tasks.o

.debug_macro
 *(.debug_macro)
OUTPUT(SEP4E-Two-player-snake.elf elf32-avr)
LOAD linker stubs
